Script started on 2023-10-04 23:39:31-04:00
bash-4.4$ alis [K[Kas[K[K[K[K[Kvi bas[K[K[K~/.bashrc
[?2004h[?1049h[22;0;0t[?1h=[?2004h[1;65r[?12h[?12l[27m[23m[29m[m[H[2J[?25l[65;1H"~/.bashrc" 2L, 42C[1;1Halias l="ls -ltr"
alias w="ls -l | wc -l"
[1m[34m~                                                                                                                 [4;1H~                                                                                                                 [5;1H~                                                                                                                 [6;1H~                                                                                                                 [7;1H~                                                                                                                 [8;1H~                                                                                                                 [9;1H~                                                                                                                 [10;1H~                                                                                                                 [11;1H~                                                                                                                 [12;1H~                                                                                                                 [13;1H~                                                                                                                 [14;1H~                                                                                                                 [15;1H~                                                                                                                 [16;1H~                                                                                                                 [17;1H~                                                                                                                 [18;1H~                                                                                                                 [19;1H~                                                                                                                 [20;1H~                                                                                                                 [21;1H~                                                                                                                 [22;1H~                                                                                                                 [23;1H~                                                                                                                 [24;1H~                                                                                                                 [25;1H~                                                                                                                 [26;1H~                                                                                                                 [27;1H~                                                                                                                 [28;1H~                                                                                                                 [29;1H~                                                                                                                 [30;1H~                                                                                                                 [31;1H~                                                                                                                 [32;1H~                                                                                                                 [33;1H~                                                                                                                 [34;1H~                                                                                                                 [35;1H~                                                                                                                 [36;1H~                                                                                                                 [37;1H~                                                                                                                 [38;1H~                                                                                                                 [39;1H~                                                                                                                 [40;1H~                                                                                                                 [41;1H~                                                                                                                 [42;1H~                                                                                                                 [43;1H~                                                                                                                 [44;1H~                                                                                                                 [45;1H~                                                                                                                 [46;1H~                                                                                                                 [47;1H~                                                                                                                 [48;1H~                                                                                                                 [49;1H~                                                                                                                 [50;1H~                                                                                                                 [51;1H~                                                                                                                 [52;1H~                                                                                                                 [53;1H~                                                                                                                 [54;1H~                                                                                                                 [55;1H~                                                                                                                 [56;1H~                                                                                                                 [57;1H~                                                                                                                 [58;1H~                                                                                                                 [59;1H~                                                                                                                 [60;1H~                                                                                                                 [61;1H~                                                                                                                 [62;1H~                                                                                                                 [63;1H~                                                                                                                 [64;1H~                                                                                                                 [1;1H[?25h[?25l[m[65;1H[K[65;1H:[?2004h[?25hwq[?25l[?2004l".bashrc" 2L, 42C written
[?2004l[?1l>[?25h[?1049l[23;0;0tbash-4.4$ l
total 252
-rw-rw-r-- 1 shervanf23 shervanf23 239186 Aug 30 19:37 index.html.1
drwxrwxr-x 2 shervanf23 shervanf23   4096 Sep 19 00:48 Worksheet2
drwxrwxr-x 2 shervanf23 shervanf23   4096 Sep 19 00:48 Worksheet1
drwxrwxr-x 9 shervanf23 shervanf23   4096 Oct  4 23:28 CS131
-rw-rw-r-- 1 shervanf23 shervanf23   4096 Oct  4 23:39 ws4.txt
bash-4.4$ w
6
bash-4.4$ w
6
bash-4.4$ cd
bash-4.4$ cat ws4.txt
Script started on 2023-10-04 23:39:31-04:00
bash-4.4$ alis [K[Kas[K[K[K[K[Kvi bas[K[K[K~/.bashrc
[?2004h[?1049h[22;0;0t[?1h=[?2004h[1;65r[?12h[?12l[27m[23m[29m[m[H[2J[?25l[65;1H"~/.bashrc" 2L, 42C[1;1Halias l="ls -ltr"
alias w="ls -l | wc -l"
[1m[34m~                                                                                                                 [4;1H~                                                                                                                 [5;1H~                                                                                                                 [6;1H~                                                                                                                 [7;1H~                                                                                                                 [8;1H~                                                                                                                 [9;1H~                                                                                                                 [10;1H~                                                                                                                 [11;1H~                                                                                                                 [12;1H~                                                                                                                 [13;1H~                                                                                                                 [14;1H~                                                                                                                 [15;1H~                                                                                                                 [16;1H~                                                                                                                 [17;1H~                                                                                                                 [18;1H~                                                                                                                 [19;1H~                                                                                                                 [20;1H~                                                                                                                 [21;1H~                                                                                                                 [22;1H~                                                                                                                 [23;1H~                                                                                                                 [24;1H~                                                                                                                 [25;1H~                                                                                                                 [26;1H~                                                                                                                 [27;1H~                                                                                                                 [28;1H~                                                                                                                 [29;1H~                                                                                                                 [30;1H~                                                                                                                 [31;1H~                                                                                                                 [32;1H~                                                                                                                 [33;1H~                                                                                                                 [34;1H~                                                                                                                 [35;1H~                                                                                                                 [36;1H~                                                                                                                 [37;1H~                                                                                                                 [38;1H~                                                                                                                 [39;1H~                                                                                                                 [40;1H~                                                                                                                 [41;1H~                                                                                                                 [42;1H~                                                                                                                 [43;1H~                                                                                                                 [44;1H~                                                                                                                 [45;1H~                                                                                                                 [46;1H~                                                                                                                 [47;1H~                                                                                                                 [48;1H~                                                                                                                 [49;1H~                                                                                                                 [50;1H~                                                                                                                 [51;1H~                                                                                                                 [52;1H~                                                                                                                 [53;1H~                                                                                                                 [54;1H~                                                                                                                 [55;1H~                                                                                                                 [56;1H~                                                                                                                 [57;1H~                                                                                                                 [58;1H~                                                                                                                 [59;1H~                                                                                                                 [60;1H~                                                                                                                 [61;1H~                                                                                                                 [62;1H~                                                                                                                 [63;1H~                                                                                                                 [64;1H~                                                                                                                 [1;1H[?25h[?25l[m[65;1H[K[65;1H:[?2004h[?25hwq[?25l[?2004l".bashrc" 2L, 42C written
[?2004l[?1l>[?25h[?1049l[23;0;0tbash-4.4$ l
total 252
-rw-rw-r-- 1 shervanf23 shervanf23 239186 Aug 30 19:37 index.html.1
drwxrwxr-x 2 shervanf23 shervanf23   4096 Sep 19 00:48 Worksheet2
drwxrwxr-x 2 shervanf23 shervanf23   4096 Sep 19 00:48 Worksheet1
drwxrwxr-x 9 shervanf23 shervanf23   4096 Oct bash-4.4$ 
bash-4.4$ source[K[K[K[K[K[Kcd
bash-4.4$ ls
CS131  index.html.1  Worksheet1  Worksheet2  ws4.txt
bash-4.4$ cd CS131
bash-4.4$ l[Kls
Assignment1  index.html  Worksheet1  Worksheet2  Worksheet3  Worksheet4
bash-4.4$ cd Worksheet4
bash-4.4$ ls
bash-4.4$ mkdir Subscribers
bash-4.4$ ls
Subscribers
bash-4.4$ grep "United s[KStates"[K[K[K[K[K[K[K[K[K[K[K[K[K[K[K[K[K[K[K[Kls
Subscribers
bash-4.4$ wget[K[K[K[K^[[A[K[K[K^?[Kwget https://raw.githubusercontent.com/khanchandaniashish/CS131/main/Global%20YouTube%20Statistics.csv
--2023-10-04 23:47:27--  https://raw.githubusercontent.com/khanchandaniashish/CS131/main/Global%20YouTube%20Statistics.csv
Resolving raw.githubusercontent.com (raw.githubusercontent.com)... 185.199.110.133, 185.199.109.133, 185.199.108.133, ...
Connecting to raw.githubusercontent.com (raw.githubusercontent.com)|185.199.110.133|:443... connected.
HTTP request sent, awaiting response... 200 OK
Length: 200279 (196K) [text/plain]
Saving to: ‘Global YouTube Statistics.csv’

Global YouTube Statistics.cs   0%[                                             ]       0  --.-KB/s               Global YouTube Statistics.cs 100%[============================================>] 195.58K  --.-KB/s    in 0.009s  

2023-10-04 23:47:27 (20.5 MB/s) - ‘Global YouTube Statistics.csv’ saved [200279/200279]

bash-4.4$ ls
'Global YouTube Statistics.csv'   Subscribers
bash-4.4$ grep "United States" 'Global You[KuTube Statistics.csv"[K' | cut -d ',' -f 3>[K >? [K[K ~/Worksheet4/Subscribers/United _States.txt
bash: /mnt/scratch/FA23_CS131_Ashish/shervanf23/Worksheet4/Subscribers/United_States.txt: No such file or directory
bash-4.4$ grep "United States" 'Global YouTube Statistics.csv' | cut -d ',' -f 3 > ~/Worksheet4/Subscribers/United__States.txt[K[K[K[K[K[K[K[K[K[K[K[A[C[C[C[C[C[C[C[C[C[C[C[C[C[C[C[C[C[C[C[C[C[C[C[C[C[C[C[C[C[C[C[C[C[C[C[C[C[C[C[C[C[C[C[C[C[C[C[C[C[C[C[C[C[C[C[C[C[C[C[C[C[C[C[C[C[C[C[C[C[C[C[C[C[C[C[C[C[C[C[C[C[C[C[C[C[C[C[C[C[C[C[C[C[C[C[C[C[C[C[C[C[C[C[C[C[C[C[C[C[C[C[C[C[K
[K[A[C[C[C[C[C[C[C[C[C[C[C[C[C[C[C[C[C[C[C[C[C[C[C[C[C[C[C[C[C[C[C[C[C[C[C[C[C[C[C[C[C[C[C[C[C[C[C[C[C[C[C[C[C[C[C[C[C[C[C[C[C[C[C[C[C[C[C[C[C[C[C[C[C[C[C[C[C[C[C[C[C[C[C[C[C[C[C[C[C[C[C[C[C[C[C[C[C[C[C[C[C[C[C[C[C[C[C[C[C[C[C[C[C[K[K[K[K[K[K[K[K[K[K[K[K[K[K[K[K[K[K[K[K[K[K[K[K[K[K[K[K[K[K[K[K[K[K[K[K[K[K[K[K[K[K[K[K[K[K[K[K[K[K[K[K[K[K[K[K[K[K[K[K[K[K[K[K[K[K[K[K[K[K[K[K[K[K[K[K[K[K[K[K[K[K[K[K[K[K[K[K[K[K[K[K[K[K[K[K[K[K[K[K[K[K[Klswget https://raw.githubusercontent.com/khanchandaniashish/CS131/main/Global%20YouTube%20Statistics.csv[C[C[C[C[C[C[C[C[C[Cls[K
'Global YouTube Statistics.csv'   Subscribers
bash-4.4$ Subcsc[K[K[K[K[K[Kcd su[K[KSubc[Kscirn[K[K[Kribers
bash-4.4$ cd Subscribers[C[C[C[C[C[C[C[C[C[Cls[K[Klswget https://raw.githubusercontent.com/khanchandaniashish/CS131/main/Global%20YouTube%20Statistics.csv[C[C[C[C[C[C[C[C[C[C[Cls[Kmkdir Subscribers[C[C[C[C[C[C[C[C[C[Cls[Kcd Worksheet4[C[C[C[C[C[C[C[C[C[Cls[Kcd CS131ls[Kcdat ws4.txtd[Kat ws4.txtd[Klscd CS131ls[Kcd Worksheet4[C[C[C[C[C[C[C[C[C[Cls[Kmkdir Subscribers[C[C[C[C[C[C[C[C[C[Cls[Kwget https://raw.githubusercontent.com/khanchandaniashish/CS131/main/Global%20YouTube%20Statistics.csv[C[C[C[C[C[C[C[C[C[Cls[K[Klscd Subscribers[C[C[C[C[C[C[C[C[C[C[Kgre[ 
> 
> ^C
bash-4.4$ grep "United States" 'Global YouTube Statistics.csv' | ct[Kut -d '.,[K[K,
> '[K'[K
> 
> ^C
bash-4.4$ grep "United States" 'Global YouTube Statistics.csv' | cut -d ',

[A[A[C[C[C[C[C[C[C[C[C[C[K
[K
[K[A[A[C[C[C[C[C[C[C[C[C[Cgrep "United States" 'Global YouTube Statistics.csv' | cut -d ',

[A[A[C[C[C[C[C[C[C[C[C[C[C[C[C[C[C[C[C[C[C[C[C[C[C[C[C[C[C[C[C[C[C[C[C[C[C[C[C[C[C[C[C[C[C[C[C[C[C[C[C[C[C[C[C[C[C[C[C[C[C[C[C[C[C[C[C[C[C[C[C[C[C[C[C[C' -f 3 > United_States.txt


grep: Global YouTube Statistics.csv: No such file or directory
bash-4.4$ grep "United States" 'Global YouTube Statistics.csv' | cut -d ',' -f 3 > United_States.txt                          

[A[A[C[C[C[C[C[C[C[C[C[C[C[C[C[C[C[C[C[C[C[C[C[C[C[C[C[C[C[C[C[C[C[C[C[C[C[C[C[C[C[C[C[C[C[C[C[C[C[C[C[C[C[C[C[C[C[C[C[C[C[C[C[C[C[C[C[C[C[C[C[C[C[C[C[C' -f 3 > United_States.txt
[K
[K[A[A[C[C[C[C[C[C[C[C[C[C[C[C[C[C[C[C[C[C[C[C[C[C[C[C[C[C[C[C[C[C[C[C[C[C[C[C[C[C[C[C[C[C[C[C[C[C[C[C[C[C[C[C[C[C[C[C[C[C[C[C[C[C[C[C[C[C[C[C[C[C[C[C[C[C[C[C[C[C[C[C[C[C[C[C[C[C[C[C[C[C[C[C[C[C[C[C[C[C[C[C[C[C[C[C[C[C[C[C[C[C[Kls
United_States.txt
bash-4.4$ lsgrep "United States" 'Global YouTube Statistics.csv' | cut -d ',' -f 3 > United_States.txt                          

[A[A[C[C[C[C[C[C[C[C[C[C[C[C[C[ ; [K
[K
[K[A[A[C[C[C[C[C[C[C[C[C[C[C[C[C[C[C[C[Ccd Subscribers[C[C[C[C[C[C[C[C[C[Cls[K[Klswget https://raw.githubusercontent.com/khanchandaniashish/CS131/main/Global%20YouTube%20Statistics.csv[C[C[C[C[C[C[C[C[C[Cls[Kmkdir Subscribers[C[C[C[C[C[C[C[C[C[Cls[Kwget https://raw.githubusercontent.com/khanchandaniashish/CS131/main/Global%20YouTube%20Statistics.csv
--2023-10-04 23:50:36--  https://raw.githubusercontent.com/khanchandaniashish/CS131/main/Global%20YouTube%20Statistics.csv
Resolving raw.githubusercontent.com (raw.githubusercontent.com)... 185.199.108.133, 185.199.110.133, 185.199.109.133, ...
Connecting to raw.githubusercontent.com (raw.githubusercontent.com)|185.199.108.133|:443... connected.
HTTP request sent, awaiting response... 200 OK
Length: 200279 (196K) [text/plain]
Saving to: ‘Global YouTube Statistics.csv’

Global YouTube Statistics.cs   0%[                                             ]       0  --.-KB/s               Global YouTube Statistics.cs 100%[============================================>] 195.58K  --.-KB/s    in 0.008s  

2023-10-04 23:50:37 (23.2 MB/s) - ‘Global YouTube Statistics.csv’ saved [200279/200279]

bash-4.4$ wget https://raw.githubusercontent.com/khanchandaniashish/CS131/main/Global%20YouTube%20Statistics.csv[C[C[C[C[C[C[C[C[C[Cls[Kgrep "United States" 'Global YouTube Statistics.csv' | cut -d ',' -f 3 > United_States.txt
bash-4.4$ ls
'Global YouTube Statistics.csv'   United_States.txt
bash-4.4$ nano United_States.txt
[?1049h[22;0;0t[1;65r(B[m[4l[?7h[39;49m[?1h=[?1h=[?1h=[?25l[39;49m(B[m[H[2J[63;50H(B[0;7m[ Reading File ](B[m[63;49H(B[0;7m[ Read 302 lines ](B[m[H(B[0;7m  GNU nano 2.9.8                                   United_States.txt                                              [1;113H(B[m[64d(B[0;7m^G(B[m Get Help     (B[0;7m^O(B[m Write Out    (B[0;7m^W(B[m Where Is     (B[0;7m^K(B[m Cut Text     (B[0;7m^J(B[m Justify	(B[0;7m^C(B[m Cur Pos	(B[0;7mM-U(B[m Undo[65d(B[0;7m^X(B[m Exit[65;17H(B[0;7m^R(B[m Read File    (B[0;7m^\(B[m Replace	(B[0;7m^U(B[m Uncut Text   (B[0;7m^T(B[m To Spell     (B[0;7m^_(B[m Go To Line   (B[0;7mM-E(B[m Redo[63d[3d[39;49m(B[m170000000[4d166000000[5d162000000[6d98900000[7d96000000[8d75000000[9d68200000[10d59500000[11d59500000[12d56900000[13d56400000[14d52900000[15d52700000[16d52200000[17d47900000[18d46600000[19d44200000[20d42400000[21d42400000[22d40900000[23d39200000[24d38600000[25d38200000[26d38200000[27d38000000[28d37600000[29d36700000[30d36600000[31d36300000[32d35200000[33d35200000[34d34900000[35d33700000[36d33600000[37d32800000[38d32700000[39d31700000[40d31700000[41d31600000[42d31600000[43d31200000[44d30700000[45d30700000[46d30400000[47d30200000[48d30100000[49d29600000[50d29200000[51d28400000[52d28200000[53d27500000[54d27500000[55d27300000[56d27000000[57d26700000[58d26700000[59d26500000[60d26400000[61d26200000[62d26100000[3d[?12l[?25h[?25l[63d[J[65;114H[?12l[?25h[65;1H[?1049l[23;0;0t[?1l>bash-4.4$ nano United_States.txt[C[C[C[C[C[C[C[C[C[Cls[Kgrep "United States" 'Global YouTube Statistics.csv' | cut -d ',' -f 3 > United_States.txt[1P[1P[1P[1P[1P[1P[1P[1P[1P[1P[1P[1P[1P[1@I[1@n[1@d[1@i[1@a[C[C[C[C[C[C[C[C[C[C[C[C[C[C[C[C[C[C[C[C[C[C[C[C[C[C[C[C[C[C[C[C[C[C[C[C[C[C[C[C[C[C[C[C[C[C[C[C[C[C[C[C[C[C[C[C[C[C[C[C[C[C[C[C[C[C[C[C[1P.txt[1P.txt[1P.txt[1P.txt[1P.txt[1P.txt[1P.txt[1P.txt[1P.txt[1P.txt[1P.txt[1P.txt[1P.txtI.txtn.txtd.txti.txta.txt
bash-4.4$ nano India.txt
[?1049h[22;0;0t[1;65r(B[m[4l[?7h[39;49m[?1h=[?1h=[?1h=[?25l[39;49m(B[m[H[2J[63;50H(B[0;7m[ Reading File ](B[m[63;49H(B[0;7m[ Read 175 lines ](B[m[H(B[0;7m  GNU nano 2.9.8                                       India.txt                                                  [1;113H(B[m[64d(B[0;7m^G(B[m Get Help     (B[0;7m^O(B[m Write Out    (B[0;7m^W(B[m Where Is     (B[0;7m^K(B[m Cut Text     (B[0;7m^J(B[m Justify	(B[0;7m^C(B[m Cur Pos	(B[0;7mM-U(B[m Undo[65d(B[0;7m^X(B[m Exit[65;17H(B[0;7m^R(B[m Read File    (B[0;7m^\(B[m Replace	(B[0;7m^U(B[m Uncut Text   (B[0;7m^T(B[m To Spell     (B[0;7m^_(B[m Go To Line   (B[0;7mM-E(B[m Redo[63d[3d[39;49m(B[m245000000[4d159000000[5d96700000[6d83000000[7d70500000[8d65900000[9d65600000[10d64600000[11d61000000[12d59300000[13d58000000[14d57600000[15d57200000[16d54600000[17d53300000[18d47400000[19d46600000[20d45500000[21d42500000[22d41400000[23d39200000[24d38300000[25d38200000[26d37200000[27d37000000[28d36600000[29d35500000[30d35500000[31d35400000[32d34300000[33d34000000[34d33500000[35d33500000[36d33400000[37d32700000[38d32000000[39d31700000[40d31700000[41d30700000[42d30500000[43d29800000[44d28900000[45d28500000[46d28400000[47d28300000[48d28200000[49d27300000[50d27100000[51d26400000[52d26300000[53d25200000[54d24300000[55d24200000[56d23400000[57d23100000[58d23100000[59d23000000[60d23000000[61d22900000[62d22600000[3d[?12l[?25h[?25l[63d[J[65;114H[?12l[?25h[65;1H[?1049l[23;0;0t[?1l>bash-4.4$ cat United_States.txt | paste -sd+ |}[K bc -l > ws4m[K_means.txt
(standard_in) 1: syntax error
bash-4.4$ ^C
bash-4.4$ mean_)[Kus+[K-[K=$(awk '{ total += $1; count++ } END {print total / count }' UnitedStates.txt)
awk: fatal: cannot open file `UnitedStates.txt' for reading (No such file or directory)
bash-4.4$ mean_us=$(awk '{ total += $1; count++ } END {print total / count }' UnitedStates.txt)[C_States.txt)
bash-4.4$ mean_us=$(awk '{ total += $1; count++ } END {print total / count }' United_States.txt)[C[1P[1P[1@i[1@n[1@d[1@i[1@a[1@I[1@n[1@d[1@i[1@a[1P[1P[1P[1P[1P[C[C[C[C[C[C[C[C[C[C[C[C[C[C[C[C[C[C[C[C[C[C[C[C[C[C[C[C[C[C[C[C[C[C[C[C[C[C[C[C[C[C[C[C[C[C[C[C[C[C[C[C[C[C[C[C[C[C[C[C[C[C[C[C[C[C[C[C[C[C[C[C[C[C[C[1P.txt)[1P.txt)[1P.txt)[1P.txt)[1P.txt)[1P.txt)[1P.txt)[1P.txt)[1P.txt)[1P.txt)[1P.txt)[1P.txt)[1P.txt)I.txt)n.txt)d.txt)i.txt)a.txt)
bash-4.4$ echo "Mean subscribers for United [K[K[K[K[K[K[K[K the Untied St[K[K[K[K[K[K[Kited States: $mean_)[Kus" > >[Kws4_means.txt
bash-4.4$ echo "Mean subscribers for India: $mean_india" >> ws4_means.txt
bash-4.4$ nano ws4_means.txt
[?1049h[22;0;0t[1;65r(B[m[4l[?7h[39;49m[?1h=[?1h=[?1h=[?25l[39;49m(B[m[H[2J[63;50H(B[0;7m[ Reading File ](B[m[63;56H(B[0;7m 2 lines	](B[m[H(B[0;7m  GNU nano 2.9.8                                     ws4_means.txt                                                [1;113H(B[m[64d(B[0;7m^G(B[m Get Help     (B[0;7m^O(B[m Write Out    (B[0;7m^W(B[m Where Is     (B[0;7m^K(B[m Cut Text     (B[0;7m^J(B[m Justify	(B[0;7m^C(B[m Cur Pos	(B[0;7mM-U(B[m Undo[65d(B[0;7m^X(B[m Exit[65;17H(B[0;7m^R(B[m Read File    (B[0;7m^\(B[m Replace	(B[0;7m^U(B[m Uncut Text   (B[0;7m^T(B[m To Spell     (B[0;7m^_(B[m Go To Line   (B[0;7mM-E(B[m Redo[63d[3d[39;49m(B[mMean subscribers for the United States: 2.30897e+07[4dMean subscribers for India: 25596000[A[?12l[?25h[?25l[63d[J[65;114H[?12l[?25h[65;1H[?1049l[23;0;0t[?1l>bash-4.4$ nano ws4_means.txt[C[C[C[C[C[C[C[C[C[C[45@echo "Mean subscribers for India: $mean_india" >>[C[C[C[C[C[C[C[C[C[C[C[C[C[C[8@the United States: $mean_us" [C[C[C[C[C[C[C[C[C[C[C[C[C[C[C[C[C[C[C[C[C[C[C[C[Cmean_india=$(awk '{ total += $1; count++ } END {print total / count }' India.txt)[C[C[C[C[C[C[C[C[C[C[C[C[C[C[Cus=$(awk '{ total += $1; count++ } END {print total / count }' United_States.txt)[C[C[1@f[C[C[C[C[C[C[C[1@ [1@"[1@%[1@.[1@0[1@f[1@|[1P[1@\[1@n[1@"[1@,
bash-4.4$ mean_us=$(awk '{ total += $1; count++ } END {printf "%.0f\n", total / count }' United_States.txt)[C[C[C[C[C[C[C[C[C[Cnano ws4_means.txt[K[C[C[C[C[C[C[C[C[C[C[45@echo "Mean subscribers for India: $mean_india" >>[C[C[C[C[C[C[C[C[C[C[C[C[C[C[8@the United States: $mean_us" [C[C[C[C[C[C[C[C[C[C[C[C[C[C[C
bash-4.4$ nano ws4_means.txt
[?1049h[22;0;0t[1;65r(B[m[4l[?7h[39;49m[?1h=[?1h=[?1h=[?25l[39;49m(B[m[H[2J[63;50H(B[0;7m[ Reading File ](B[m[63;56H(B[0;7m 1 line ](B[m[K[H(B[0;7m  GNU nano 2.9.8                                     ws4_means.txt                                                [1;113H(B[m[64d(B[0;7m^G(B[m Get Help     (B[0;7m^O(B[m Write Out    (B[0;7m^W(B[m Where Is     (B[0;7m^K(B[m Cut Text     (B[0;7m^J(B[m Justify	(B[0;7m^C(B[m Cur Pos	(B[0;7mM-U(B[m Undo[65d(B[0;7m^X(B[m Exit[65;17H(B[0;7m^R(B[m Read File    (B[0;7m^\(B[m Replace	(B[0;7m^U(B[m Uncut Text   (B[0;7m^T(B[m To Spell     (B[0;7m^_(B[m Go To Line   (B[0;7mM-E(B[m Redo[63d[3d[39;49m(B[mMean subscribers for the United States: 23089735[?12l[?25h[?25l[63d[J[65;114H[?12l[?25h[65;1H[?1049l[23;0;0t[?1l>bash-4.4$ nano ws4_means.txt[C[C[C[C[C[C[C[C[C[C[53@echo "Mean subscribers for the United States: $mean_us" >[C[C[C[C[C[C[C[C[C[C[C[C[C[C[C[C[C[C[C[C[C[C[C[Cmean_us=$(awk '{ total += $1; count++ } END {printf "%.0f\n", total / count }' United_States.txt)[C[C[C[C[C[C[C[C[C[Cnano ws4_means.txt[K[C[C[C[C[C[C[C[C[C[C[45@echo "Mean subscribers for India: $mean_india" >>[C[C[C[C[C[C[C[C[C[C[C[C[C[C[C[C[C[C[C[C[C[C[C[Cnano ws4_means.txt[K[C[C[C[C[C[C[C[C[C[C[45@echo "Mean subscribers for India: $mean_india" >>[C[C[C[C[C[C[C[C[C[C[C[C[C[C[8@the United States: $mean_us" [C[C[C[C[C[C[C[C[C[C[C[C[C[C[C[C[C[C[C[C[C[C[C[C[Cmean_india=$(awk '{ total += $1; count++ } END {print total / count }' India.txt)[C[C[C[C[C[C[C[C[C[C[C[C[C[C[Cus=$(awk '{ total += $1; count++ } END {print total / count }' United_States.txt)[1PStates.txt)[C[C[C[C[C[C[C[C[C[C[27Pcat United_States.txt | paste -sd+ | bc -l > ws4_means.txt[C[C[C[C[C[C[C[C[C[Cmean_us=$(awk '{ total += $1; count++ } END {print total / count }' UnitedStates.txt)_States.txt)[C[C[C[C[C[C[C[C[C[C[C[C[C[C[C[5Pindia=$(awk '{ total += $1; count++ } END {print total / count }' India.txt)[C[C[C[C[C[C[C[C[C[C[10Pecho "Mean subscribers for the United States: $mean_us" > ws4_means.txt[C[C[C[C[C[C[C[C[C[C[C[C[C[C[C[C[C[C[C[C[C[C[C[C[C[C[C[C[C[C[C[C[C[C[C[C[C[8PIndia: $mean_india" >[C[C[C[C[C[C[C[C[C[C[C[C[C[C[C[8@the United States: $mean_us" [C[C[C[C[C[C[C[C[C[C[C[C[C[C[C[C[C[C[C[C[C[C[C[C[C[C[C[C[C[C[C[C[C[C[C[C[C[C[C[C[C[C[C[C[C[C[C[C[C[C[C[C[8PIndia: $mean_india" >[C[C[C[C[C[C[C[C[C[C[C[C[C[C[C
bash-4.4$ nano ws4)mean[K[K[K[K[K_means.txt
[?1049h[22;0;0t[1;65r(B[m[4l[?7h[39;49m[?1h=[?1h=[?1h=[?25l[39;49m(B[m[H[2J[63;50H(B[0;7m[ Reading File ](B[m[63;56H(B[0;7m 2 lines	](B[m[H(B[0;7m  GNU nano 2.9.8                                     ws4_means.txt                                                [1;113H(B[m[64d(B[0;7m^G(B[m Get Help     (B[0;7m^O(B[m Write Out    (B[0;7m^W(B[m Where Is     (B[0;7m^K(B[m Cut Text     (B[0;7m^J(B[m Justify	(B[0;7m^C(B[m Cur Pos	(B[0;7mM-U(B[m Undo[65d(B[0;7m^X(B[m Exit[65;17H(B[0;7m^R(B[m Read File    (B[0;7m^\(B[m Replace	(B[0;7m^U(B[m Uncut Text   (B[0;7m^T(B[m To Spell     (B[0;7m^_(B[m Go To Line   (B[0;7mM-E(B[m Redo[63d[3d[39;49m(B[mMean subscribers for the United States: 23089735[4dMean subscribers for India: 25596000[A[?12l[?25h[?25l[63d[J[65;114H[?12l[?25h[65;1H[?1049l[23;0;0t[?1l>bash-4.4$ ls
'Global YouTube Statistics.csv'   India.txt   United_States.txt   ws4_means.txt
bash-4.4$ exit

Script done on 2023-10-05 00:03:41-04:00
